==> python3 scripts/verify_ledger_xlsx_golden.py
PASS verify_ledger_xlsx_golden.py
PASS cash_book
PASS cash_book_invoice
PASS bank_account_book
PASS bank_account_book_invoice
PASS accounts_receivable_book
PASS accounts_payable_book
PASS expense_book
PASS expense_book_invoice
PASS general_ledger
PASS general_ledger_invoice
PASS journal
PASS white_tax_bookkeeping
PASS white_tax_bookkeeping_invoice
PASS transportation_expense
PASS fixed_asset_register
PASS fixed_asset_depreciation

==> python3 scripts/verify_report_xlsx_golden.py
PASS verify_report_xlsx_golden.py
PASS profit_loss
PASS balance_sheet
PASS trial_balance
PASS journal
PASS general_ledger
PASS fixed_assets

==> python3 scripts/verify_generated_ledger_xlsx_golden.py
PASS verify_generated_ledger_xlsx_golden.py
PASS cash_book
PASS cash_book_invoice
PASS bank_account_book
PASS bank_account_book_invoice
PASS accounts_receivable_book
PASS accounts_payable_book
PASS expense_book
PASS expense_book_invoice
PASS general_ledger
PASS general_ledger_invoice
PASS journal
PASS white_tax_bookkeeping
PASS white_tax_bookkeeping_invoice
PASS transportation_expense
PASS fixed_asset_register
PASS fixed_asset_depreciation

==> python3 scripts/verify_generated_report_xlsx_golden.py
PASS verify_generated_report_xlsx_golden.py
PASS profit_loss
PASS balance_sheet
PASS trial_balance
PASS journal
PASS ledger
PASS fixed_assets

